// Jest Snapshot v1, https://goo.gl/fbAQLP

exports[`global: PreventInternetExplorer rendering should render as expected 1`] = `
<div
  id="testChildren"
>
  Test children
</div>
`;
