// Jest Snapshot v1, https://goo.gl/fbAQLP

exports[`global: Home should render as expected 1`] = `
<div>
  <div
    className=""
    style={
      Object {
        "backgroundImage": "url(landscape-mountains-nature-dark-blur.jpg)",
      }
    }
  >
    <ProjectsMock />
  </div>
</div>
`;
