// Jest Snapshot v1, https://goo.gl/fbAQLP

exports[`component: Offer rendering match snapshot 1`] = `
<div
  className="makeStyles-root-1"
>
  offer
</div>
`;
