// Jest Snapshot v1, https://goo.gl/fbAQLP

exports[`component: LanguageSelect rendering match snapshot 1`] = `
Object {
  "asFragment": [Function],
  "baseElement": <body>
    <div>
      <div
        class="makeStyles-root-2"
      >
        <div
          aria-label="Choose language"
          class="MuiInputBase-root MuiInput-root MuiInput-underline makeStyles-select-3"
          data-testid="language-select"
        >
          <div
            class="MuiSelect-root makeStyles-selectRoot-6"
          >
            <div
              aria-haspopup="true"
              aria-pressed="false"
              class="MuiSelect-select MuiSelect-selectMenu makeStyles-selectMenu-5 MuiInputBase-input MuiInput-input"
              id="select-Language"
              role="button"
              tabindex="0"
            />
            <input
              name="Language"
              type="hidden"
              value="en"
            />
            <svg
              aria-hidden="true"
              class="MuiSvgIcon-root MuiSelect-icon makeStyles-selectIcon-4"
              focusable="false"
              role="presentation"
              viewBox="0 0 24 24"
            >
              <path
                d="M7 10l5 5 5-5z"
              />
            </svg>
          </div>
        </div>
      </div>
    </div>
  </body>,
  "container": <div>
    <div
      class="makeStyles-root-2"
    >
      <div
        aria-label="Choose language"
        class="MuiInputBase-root MuiInput-root MuiInput-underline makeStyles-select-3"
        data-testid="language-select"
      >
        <div
          class="MuiSelect-root makeStyles-selectRoot-6"
        >
          <div
            aria-haspopup="true"
            aria-pressed="false"
            class="MuiSelect-select MuiSelect-selectMenu makeStyles-selectMenu-5 MuiInputBase-input MuiInput-input"
            id="select-Language"
            role="button"
            tabindex="0"
          />
          <input
            name="Language"
            type="hidden"
            value="en"
          />
          <svg
            aria-hidden="true"
            class="MuiSvgIcon-root MuiSelect-icon makeStyles-selectIcon-4"
            focusable="false"
            role="presentation"
            viewBox="0 0 24 24"
          >
            <path
              d="M7 10l5 5 5-5z"
            />
          </svg>
        </div>
      </div>
    </div>
  </div>,
  "debug": [Function],
  "findAllByAltText": [Function],
  "findAllByDisplayValue": [Function],
  "findAllByLabelText": [Function],
  "findAllByPlaceholderText": [Function],
  "findAllByRole": [Function],
  "findAllByTestId": [Function],
  "findAllByText": [Function],
  "findAllByTitle": [Function],
  "findByAltText": [Function],
  "findByDisplayValue": [Function],
  "findByLabelText": [Function],
  "findByPlaceholderText": [Function],
  "findByRole": [Function],
  "findByTestId": [Function],
  "findByText": [Function],
  "findByTitle": [Function],
  "getAllByAltText": [Function],
  "getAllByDisplayValue": [Function],
  "getAllByLabelText": [Function],
  "getAllByPlaceholderText": [Function],
  "getAllByRole": [Function],
  "getAllByTestId": [Function],
  "getAllByText": [Function],
  "getAllByTitle": [Function],
  "getByAltText": [Function],
  "getByDisplayValue": [Function],
  "getByLabelText": [Function],
  "getByPlaceholderText": [Function],
  "getByRole": [Function],
  "getByTestId": [Function],
  "getByText": [Function],
  "getByTitle": [Function],
  "queryAllByAltText": [Function],
  "queryAllByDisplayValue": [Function],
  "queryAllByLabelText": [Function],
  "queryAllByPlaceholderText": [Function],
  "queryAllByRole": [Function],
  "queryAllByTestId": [Function],
  "queryAllByText": [Function],
  "queryAllByTitle": [Function],
  "queryByAltText": [Function],
  "queryByDisplayValue": [Function],
  "queryByLabelText": [Function],
  "queryByPlaceholderText": [Function],
  "queryByRole": [Function],
  "queryByTestId": [Function],
  "queryByText": [Function],
  "queryByTitle": [Function],
  "rerender": [Function],
  "unmount": [Function],
}
`;
