// Jest Snapshot v1, https://goo.gl/fbAQLP

exports[`component: Greeting rendering match snapshot  1`] = `
Object {
  "asFragment": [Function],
  "baseElement": <body>
    <div>
      <section
        class="makeStyles-section-49"
      >
        <div
          class="MuiContainer-root makeStyles-root-48 MuiContainer-maxWidthLg"
          id="projects"
        >
          <div
            class="MuiAvatar-root makeStyles-avatar-47"
          >
            <img
              alt="Author instagram picture"
              class="MuiAvatar-img"
              src="instagram-photo2.jpg"
            />
          </div>
          <h1
            class="MuiTypography-root MuiTypography-h1 MuiTypography-colorSecondary makeStyles-title-52"
            data-testid="greeting-title"
          >
            Bartosz Rak
          </h1>
          <h2
            class="MuiTypography-root MuiTypography-h2 MuiTypography-colorSecondary makeStyles-subtitle-51"
            data-testid="greeting-subtitle"
          >
            <span
              aria-hidden="true"
            >
              üòÅ
            </span>
          </h2>
          <h3
            class="MuiTypography-root MuiTypography-h3 MuiTypography-colorSecondary makeStyles-subsubtitle-50"
            data-testid="greeting-subsubtitle"
          />
        </div>
      </section>
    </div>
  </body>,
  "container": <div>
    <section
      class="makeStyles-section-49"
    >
      <div
        class="MuiContainer-root makeStyles-root-48 MuiContainer-maxWidthLg"
        id="projects"
      >
        <div
          class="MuiAvatar-root makeStyles-avatar-47"
        >
          <img
            alt="Author instagram picture"
            class="MuiAvatar-img"
            src="instagram-photo2.jpg"
          />
        </div>
        <h1
          class="MuiTypography-root MuiTypography-h1 MuiTypography-colorSecondary makeStyles-title-52"
          data-testid="greeting-title"
        >
          Bartosz Rak
        </h1>
        <h2
          class="MuiTypography-root MuiTypography-h2 MuiTypography-colorSecondary makeStyles-subtitle-51"
          data-testid="greeting-subtitle"
        >
          <span
            aria-hidden="true"
          >
            üòÅ
          </span>
        </h2>
        <h3
          class="MuiTypography-root MuiTypography-h3 MuiTypography-colorSecondary makeStyles-subsubtitle-50"
          data-testid="greeting-subsubtitle"
        />
      </div>
    </section>
  </div>,
  "debug": [Function],
  "findAllByAltText": [Function],
  "findAllByDisplayValue": [Function],
  "findAllByLabelText": [Function],
  "findAllByPlaceholderText": [Function],
  "findAllByRole": [Function],
  "findAllByTestId": [Function],
  "findAllByText": [Function],
  "findAllByTitle": [Function],
  "findByAltText": [Function],
  "findByDisplayValue": [Function],
  "findByLabelText": [Function],
  "findByPlaceholderText": [Function],
  "findByRole": [Function],
  "findByTestId": [Function],
  "findByText": [Function],
  "findByTitle": [Function],
  "getAllByAltText": [Function],
  "getAllByDisplayValue": [Function],
  "getAllByLabelText": [Function],
  "getAllByPlaceholderText": [Function],
  "getAllByRole": [Function],
  "getAllByTestId": [Function],
  "getAllByText": [Function],
  "getAllByTitle": [Function],
  "getByAltText": [Function],
  "getByDisplayValue": [Function],
  "getByLabelText": [Function],
  "getByPlaceholderText": [Function],
  "getByRole": [Function],
  "getByTestId": [Function],
  "getByText": [Function],
  "getByTitle": [Function],
  "queryAllByAltText": [Function],
  "queryAllByDisplayValue": [Function],
  "queryAllByLabelText": [Function],
  "queryAllByPlaceholderText": [Function],
  "queryAllByRole": [Function],
  "queryAllByTestId": [Function],
  "queryAllByText": [Function],
  "queryAllByTitle": [Function],
  "queryByAltText": [Function],
  "queryByDisplayValue": [Function],
  "queryByLabelText": [Function],
  "queryByPlaceholderText": [Function],
  "queryByRole": [Function],
  "queryByTestId": [Function],
  "queryByText": [Function],
  "queryByTitle": [Function],
  "rerender": [Function],
  "unmount": [Function],
}
`;
