// Jest Snapshot v1, https://goo.gl/fbAQLP

exports[`global: Projects should render as expected 1`] = `
<div
  id="projects"
>
  <TypographyMock
    color="secondary"
    variant="h1"
  >
    What have I created? ðŸ˜Ž
  </TypographyMock>
  <ProjectsListMock />
</div>
`;
