// Jest Snapshot v1, https://goo.gl/fbAQLP

exports[`global: Sidebar should render as expected 1`] = `
<PaperMock
  square={true}
>
  Sidebar here
</PaperMock>
`;
